// Jest Snapshot v1, https://goo.gl/fbAQLP

exports[`Pruebas en el componente <GifGridItem /> Debe cargar correctamente el componente 1`] = `
<div
  className="card animate__animated animate__fadeIn"
>
  <img
    alt="Is a title"
    src="https://localhost.jpg"
  />
  <p>
    Is a title
  </p>
</div>
`;
